2026-07-08 20:13:00,789 | INFO | app | Database tables created
2026-07-08 20:14:02,801 | ERROR | app | Unhandled Exception
Traceback (most recent call last):
  File "/home/casey/Odessa/.venv/lib/python3.12/site-packages/starlette/middleware/errors.py", line 164, in __call__
    await self.app(scope, receive, _send)
  File "/home/casey/Odessa/.venv/lib/python3.12/site-packages/starlette/middleware/exceptions.py", line 63, in __call__
    await wrap_app_handling_exceptions(self.app, conn)(scope, receive, send)
  File "/home/casey/Odessa/.venv/lib/python3.12/site-packages/starlette/_exception_handler.py", line 53, in wrapped_app
    raise exc
  File "/home/casey/Odessa/.venv/lib/python3.12/site-packages/starlette/_exception_handler.py", line 42, in wrapped_app
    await app(scope, receive, sender)
  File "/home/casey/Odessa/.venv/lib/python3.12/site-packages/fastapi/middleware/asyncexitstack.py", line 18, in __call__
    await self.app(scope, receive, send)
  File "/home/casey/Odessa/.venv/lib/python3.12/site-packages/starlette/routing.py", line 660, in __call__
    await self.middleware_stack(scope, receive, send)
  File "/home/casey/Odessa/.venv/lib/python3.12/site-packages/fastapi/routing.py", line 2683, in app
    await route.handle(scope, receive, send)
  File "/home/casey/Odessa/.venv/lib/python3.12/site-packages/fastapi/routing.py", line 1753, in handle
    await self.original_router.handle(scope, receive, send)
  File "/home/casey/Odessa/.venv/lib/python3.12/site-packages/fastapi/routing.py", line 2738, in handle
    await included_router._handle_selected(scope, receive, send)
  File "/home/casey/Odessa/.venv/lib/python3.12/site-packages/fastapi/routing.py", line 1773, in _handle_selected
    await original_route.handle(scope, receive, send)
  File "/home/casey/Odessa/.venv/lib/python3.12/site-packages/fastapi/routing.py", line 1264, in handle
    await app(scope, receive, send)
  File "/home/casey/Odessa/.venv/lib/python3.12/site-packages/fastapi/routing.py", line 150, in app
    await wrap_app_handling_exceptions(app, request)(scope, receive, send)
  File "/home/casey/Odessa/.venv/lib/python3.12/site-packages/starlette/_exception_handler.py", line 53, in wrapped_app
    raise exc
  File "/home/casey/Odessa/.venv/lib/python3.12/site-packages/starlette/_exception_handler.py", line 42, in wrapped_app
    await app(scope, receive, sender)
  File "/home/casey/Odessa/.venv/lib/python3.12/site-packages/fastapi/routing.py", line 136, in app
    response = await f(request)
               ^^^^^^^^^^^^^^^^
  File "/home/casey/Odessa/.venv/lib/python3.12/site-packages/fastapi/routing.py", line 690, in app
    raw_response = await run_endpoint_function(
                   ^^^^^^^^^^^^^^^^^^^^^^^^^^^^
  File "/home/casey/Odessa/.venv/lib/python3.12/site-packages/fastapi/routing.py", line 344, in run_endpoint_function
    return await dependant.call(**values)
           ^^^^^^^^^^^^^^^^^^^^^^^^^^^^^^
  File "/home/casey/Odessa/app/routers/auth.py", line 30, in login_page
    return templates.TemplateResponse(
           ^^^^^^^^^^^^^^^^^^^^^^^^^^^
  File "/home/casey/Odessa/.venv/lib/python3.12/site-packages/starlette/templating.py", line 148, in TemplateResponse
    template = self.get_template(name)
               ^^^^^^^^^^^^^^^^^^^^^^^
  File "/home/casey/Odessa/.venv/lib/python3.12/site-packages/starlette/templating.py", line 115, in get_template
    return self.env.get_template(name)
           ^^^^^^^^^^^^^^^^^^^^^^^^^^^
  File "/home/casey/Odessa/.venv/lib/python3.12/site-packages/jinja2/environment.py", line 1016, in get_template
    return self._load_template(name, globals)
           ^^^^^^^^^^^^^^^^^^^^^^^^^^^^^^^^^^
  File "/home/casey/Odessa/.venv/lib/python3.12/site-packages/jinja2/environment.py", line 964, in _load_template
    template = self.cache.get(cache_key)
               ^^^^^^^^^^^^^^^^^^^^^^^^^
  File "/home/casey/Odessa/.venv/lib/python3.12/site-packages/jinja2/utils.py", line 477, in get
    return self[key]
           ~~~~^^^^^
  File "/home/casey/Odessa/.venv/lib/python3.12/site-packages/jinja2/utils.py", line 515, in __getitem__
    rv = self._mapping[key]
         ~~~~~~~~~~~~~^^^^^
TypeError: unhashable type: 'dict'
2026-07-08 20:24:01,724 | INFO | app | Database tables created
2026-07-08 20:28:29,064 | INFO | app | Database tables created
2026-07-08 20:36:02,880 | INFO | app | Database tables created
2026-07-08 20:38:28,439 | INFO | app | Database tables created
2026-07-08 20:41:20,764 | INFO | app | Database tables created
2026-07-08 20:42:16,314 | INFO | app | Database tables created
2026-07-08 20:43:06,520 | INFO | app | Database tables created
2026-07-08 20:43:09,474 | INFO | app | Database tables created
2026-07-08 20:43:35,768 | INFO | app | Database tables created
2026-07-08 20:43:38,677 | INFO | app | Database tables created
2026-07-08 20:43:48,662 | INFO | app | Database tables created
2026-07-08 20:45:56,996 | INFO | app | Database tables created
2026-07-08 20:46:42,353 | INFO | app | Database tables created
2026-07-08 20:48:50,718 | INFO | app | Database tables created
2026-07-08 20:48:57,180 | INFO | app | Database tables created
2026-07-08 20:49:02,264 | INFO | app | Database tables created
2026-07-08 20:49:09,226 | INFO | app | Database tables created
2026-07-08 20:49:23,076 | INFO | app | Database tables created
2026-07-08 20:49:26,178 | INFO | app | Database tables created
2026-07-08 20:49:34,621 | INFO | app | Database tables created
2026-07-08 20:49:44,152 | INFO | app | Database tables created
2026-07-08 20:50:31,184 | INFO | app | Database tables created
